// Jest Snapshot v1, https://goo.gl/fbAQLP

exports[`Forgot Password page should match snapshot 1`] = `
<main
  className="forgotPassword"
>
  <div
    className="forgotPassword-container"
  >
    <div
      className="logo"
    >
      <img
        alt="Highways England"
        src={
          Object {
            "process": [Function],
          }
        }
      />
    </div>
    <h1
      className="forgotPassword-title"
    >
      forgotPassword
    </h1>
    <div
      className="forgotPassword-input-container"
    >
      <label
        className="forgotPassword-label"
        htmlFor="email"
      >
        enterEmail
      </label>
      <div
        className="p-input-icon-left forgotPassword-input"
      >
        <i
          className="pi pi-user"
        />
        <InputText
          id="email"
          keyfilter={null}
          onChange={[Function]}
          onInput={null}
          onKeyPress={null}
          tooltip={null}
          tooltipOptions={null}
          type="email"
          validateOnly={false}
          value=""
        />
      </div>
    </div>
    <Button
      badge={null}
      badgeClassName={null}
      className="forgotPassword-button m-t-20"
      disabled={false}
      icon={null}
      iconPos="left"
      label="send"
      onClick={[Function]}
      tooltip={null}
      tooltipOptions={null}
    />
  </div>
</main>
`;
