// Jest Snapshot v1, https://goo.gl/fbAQLP

exports[`Index page should match snapshot 1`] = `
<Fragment>
  <ConnectWrapper />
  <main
    className="main-view"
  >
    <ConnectWrapper />
    <div
      className="main-view-area"
    >
      <HeadTags
        description="ontologyVisualisationDescription"
        title=""
      />
      <ConnectWrapper />
      <ConnectWrapper />
      <ConnectWrapper />
    </div>
  </main>
  <Container />
</Fragment>
`;
