// Jest Snapshot v1, https://goo.gl/fbAQLP

exports[`EdgeInfo should match snapshot  1`] = `
<Connect
  actions={
    Object {
      "addToArray": [Function],
      "removeFromArray": [Function],
      "removeFromObject": [Function],
      "setStoreState": [Function],
      "updateGraphData": [Function],
    }
  }
  mapToProps={[Function]}
  objectPropertiesFromApi={
    Object {
      "OwlObjectProperties": Object {
        "abc": Object {
          "id": "abc",
          "rdfsLabel": "label",
        },
      },
    }
  }
  removeFromArray={[MockFunction]}
  selectedEdges={
    Array [
      "abc",
    ]
  }
>
  <Component />
</Connect>
`;
