// Jest Snapshot v1, https://goo.gl/fbAQLP

exports[`EdgesSelectionDetails should match snapshot  1`] = `
<Connect
  actions={
    Object {
      "updateStoreValue": [Function],
    }
  }
  edgeId="http://webprotege.stanford.edu/R15RMwxh0pmeZADFPUrcpM"
  mapToProps={null}
>
  <Component />
</Connect>
`;
