// Jest Snapshot v1, https://goo.gl/fbAQLP

exports[`EdgesSelection should match snapshot  1`] = `
<Connect
  actions={
    Object {
      "updateStoreValue": [Function],
    }
  }
  mapToProps={[Function]}
  selectedEdge="edge-123"
  updateStoreValue={[MockFunction]}
>
  <Component />
</Connect>
`;
