// Jest Snapshot v1, https://goo.gl/fbAQLP

exports[`EdgeInfoDetailsRow should match snapshot  1`] = `
<Connect
  actions={
    Object {
      "addToArray": [Function],
      "removeFromArray": [Function],
      "setStoreState": [Function],
    }
  }
  availableNodesNormalised={
    Object {
      "abc": Object {
        "id": "abc",
        "label": "label",
        "rdfAbout": "rdfAbout",
        "skosComment": "skosComment",
        "skosDefinition": "skosDefinition",
        "skosExample": "skosExample",
      },
      "cde": Object {
        "id": "cde",
        "label": "label2",
        "rdfAbout": "rdfAbout",
        "skosComment": "skosComment",
        "skosDefinition": "skosDefinition",
        "skosExample": "skosExample",
      },
    }
  }
  connection={
    Object {
      "from": "abc",
      "fromLabel": "label",
      "to": "cde",
      "toLabel": "label2",
    }
  }
  mapToProps={[Function]}
>
  <Component />
</Connect>
`;
