// Jest Snapshot v1, https://goo.gl/fbAQLP

exports[`EdgesSelection should match snapshot  1`] = `
<Connect
  actions={
    Object {
      "addNumber": [Function],
      "addOrAppendToObject": [Function],
      "addSubValueToObject": [Function],
      "addToArray": [Function],
      "addToObject": [Function],
      "addValueToSubkeyObject": [Function],
      "removeFromArray": [Function],
      "removeFromObject": [Function],
      "setStoreState": [Function],
      "toggleFromArrayInKey": [Function],
      "toggleFromSubArray": [Function],
    }
  }
  mapToProps={[Function]}
  selectedEdge="edge-123"
  setStoreState={[MockFunction]}
>
  <Component />
</Connect>
`;
