// Jest Snapshot v1, https://goo.gl/fbAQLP

exports[`EditOntology should match snapshot  1`] = `
<Connect
  actions={
    Object {
      "addNumber": [Function],
      "addSubValueToObject": [Function],
      "addToArray": [Function],
      "addToObject": [Function],
      "removeFromArray": [Function],
      "removeFromObject": [Function],
      "setStoreState": [Function],
      "toggleFromArrayInKey": [Function],
      "toggleFromSubArray": [Function],
    }
  }
  deletedEdges={Array []}
  deletedNodes={Array []}
  mapToProps={[Function]}
  objectPropertiesFromApi={Object {}}
>
  <Component />
</Connect>
`;
