// Jest Snapshot v1, https://goo.gl/fbAQLP

exports[`EditOntologyDeleteEdge should match snapshot 1`] = `
<Connect
  actions={
    Object {
      "addNumber": [Function],
      "addSubValueToObject": [Function],
      "addToArray": [Function],
      "addToObject": [Function],
      "removeFromArray": [Function],
      "removeFromObject": [Function],
      "setStoreState": [Function],
      "toggleFromArrayInKey": [Function],
      "toggleFromSubArray": [Function],
    }
  }
  addNumber={[MockFunction]}
  mapToProps={[Function]}
  operation="delete"
  setStoreState={[MockFunction]}
  stylingNodeCaptionProperty="rfdsLabel"
  type="edge"
>
  <Component />
</Connect>
`;
