// Jest Snapshot v1, https://goo.gl/fbAQLP

exports[`EditOntologyDeleteNode should match snapshot 1`] = `
<Connect
  actions={
    Object {
      "addNumber": [Function],
      "addSubValueToObject": [Function],
      "addToArray": [Function],
      "addToObject": [Function],
      "removeFromArray": [Function],
      "removeFromObject": [Function],
      "setStoreState": [Function],
      "toggleFromArrayInKey": [Function],
      "toggleFromSubArray": [Function],
    }
  }
  addNumber={[MockFunction]}
  mapToProps={[Function]}
  operation="add"
  optionNodes={
    Array [
      Object {
        "label": "Communication Document",
        "value": "1",
      },
      Object {
        "label": "Programme",
        "value": "2",
      },
      Object {
        "label": "Low Level Design",
        "value": "3",
      },
      Object {
        "label": "External Factor",
        "value": "4",
      },
      Object {
        "label": "Financial Object",
        "value": "5",
      },
      Object {
        "label": "Specify",
        "value": "6",
      },
      Object {
        "label": "Capacity",
        "value": "7",
      },
      Object {
        "label": "Expenditure",
        "value": "8",
      },
      Object {
        "label": "Acquisition",
        "value": "9",
      },
      Object {
        "label": "Accrual",
        "value": "10",
      },
      Object {
        "label": "Deed",
        "value": "11",
      },
      Object {
        "label": "Maintenance",
        "value": "12",
      },
      Object {
        "label": "Geotechnical",
        "value": "13",
      },
      Object {
        "label": "Cost Variation",
        "value": "14",
      },
      Object {
        "label": "Handover",
        "value": "15",
      },
      Object {
        "label": "Connectivity",
        "value": "16",
      },
      Object {
        "label": "High Level Design",
        "value": "17",
      },
      Object {
        "label": "Model",
        "value": "18",
      },
      Object {
        "label": "Priority",
        "value": "19",
      },
      Object {
        "label": "MetaData",
        "value": "20",
      },
      Object {
        "label": "Emissions",
        "value": "21",
      },
      Object {
        "label": "Income",
        "value": "22",
      },
      Object {
        "label": "Training",
        "value": "23",
      },
      Object {
        "label": "Flood",
        "value": "24",
      },
      Object {
        "label": "Delay",
        "value": "25",
      },
      Object {
        "label": "Facility",
        "value": "26",
      },
      Object {
        "label": "Transaction",
        "value": "27",
      },
      Object {
        "label": "Collate",
        "value": "28",
      },
      Object {
        "label": "Certification",
        "value": "29",
      },
      Object {
        "label": "Drainage",
        "value": "30",
      },
      Object {
        "label": "Representation",
        "value": "31",
      },
      Object {
        "label": "Lighting",
        "value": "32",
      },
      Object {
        "label": "Financial Value",
        "value": "33",
      },
      Object {
        "label": "Network Model Variation",
        "value": "34",
      },
      Object {
        "label": "Route",
        "value": "35",
      },
      Object {
        "label": "Land Registration",
        "value": "36",
      },
      Object {
        "label": "Feedback",
        "value": "37",
      },
      Object {
        "label": "Skill",
        "value": "38",
      },
      Object {
        "label": "Safety Risk Assessment",
        "value": "39",
      },
      Object {
        "label": "Drawing",
        "value": "40",
      },
      Object {
        "label": "Qualification",
        "value": "41",
      },
      Object {
        "label": "Link",
        "value": "42",
      },
      Object {
        "label": "Depot",
        "value": "43",
      },
      Object {
        "label": "Voice Recording",
        "value": "44",
      },
      Object {
        "label": "Emergency Services",
        "value": "45",
      },
      Object {
        "label": "Budget",
        "value": "46",
      },
      Object {
        "label": "Spare Parts",
        "value": "47",
      },
      Object {
        "label": "Safety",
        "value": "48",
      },
      Object {
        "label": "Flow",
        "value": "49",
      },
      Object {
        "label": "Retire",
        "value": "50",
      },
      Object {
        "label": "Polyline",
        "value": "51",
      },
      Object {
        "label": "Customer Satisfaction",
        "value": "52",
      },
      Object {
        "label": "Network Model",
        "value": "53",
      },
      Object {
        "label": "Activity",
        "value": "54",
      },
      Object {
        "label": "Legal Document",
        "value": "55",
      },
      Object {
        "label": "Role",
        "value": "56",
      },
      Object {
        "label": "Data Lifecycle",
        "value": "57",
      },
      Object {
        "label": "Structures",
        "value": "58",
      },
      Object {
        "label": "Standards",
        "value": "59",
      },
      Object {
        "label": "Closure",
        "value": "60",
      },
      Object {
        "label": "Data Dictionary",
        "value": "61",
      },
      Object {
        "label": "Pavements",
        "value": "62",
      },
      Object {
        "label": "Monitoring",
        "value": "63",
      },
      Object {
        "label": "Hardware",
        "value": "64",
      },
      Object {
        "label": "Occurrent",
        "value": "65",
      },
      Object {
        "label": "KPI",
        "value": "66",
      },
      Object {
        "label": "Competence",
        "value": "67",
      },
      Object {
        "label": "Stakeholder",
        "value": "68",
      },
      Object {
        "label": "Failure Mode",
        "value": "69",
      },
      Object {
        "label": "System",
        "value": "70",
      },
      Object {
        "label": "Forecast",
        "value": "71",
      },
      Object {
        "label": "Data",
        "value": "72",
      },
      Object {
        "label": "Strategic Road Network Asset",
        "value": "73",
      },
      Object {
        "label": "Availability",
        "value": "74",
      },
      Object {
        "label": "Event",
        "value": "75",
      },
      Object {
        "label": "Dataset",
        "value": "76",
      },
      Object {
        "label": "Vision",
        "value": "77",
      },
      Object {
        "label": "FOI",
        "value": "78",
      },
      Object {
        "label": "Project Document",
        "value": "79",
      },
      Object {
        "label": "Hazard",
        "value": "80",
      },
      Object {
        "label": "Bulletin",
        "value": "81",
      },
      Object {
        "label": "Occupancy",
        "value": "82",
      },
      Object {
        "label": "External Document",
        "value": "83",
      },
      Object {
        "label": "Headway",
        "value": "84",
      },
      Object {
        "label": "Air Quality",
        "value": "85",
      },
      Object {
        "label": "Asset Performance",
        "value": "86",
      },
      Object {
        "label": "Vehicle",
        "value": "87",
      },
      Object {
        "label": "Financial Document",
        "value": "88",
      },
      Object {
        "label": "Lessons Learned",
        "value": "89",
      },
      Object {
        "label": "Instruction",
        "value": "90",
      },
      Object {
        "label": "Biodiversity",
        "value": "91",
      },
      Object {
        "label": "Ledger",
        "value": "92",
      },
      Object {
        "label": "IT",
        "value": "93",
      },
      Object {
        "label": "Environmental Incident",
        "value": "94",
      },
      Object {
        "label": "Patrol",
        "value": "95",
      },
      Object {
        "label": "Contract",
        "value": "96",
      },
      Object {
        "label": "Demolition",
        "value": "97",
      },
      Object {
        "label": "Collect",
        "value": "98",
      },
      Object {
        "label": "Cost",
        "value": "99",
      },
      Object {
        "label": "Geometric Component",
        "value": "100",
      },
      Object {
        "label": "Water Flow",
        "value": "101",
      },
      Object {
        "label": "Line",
        "value": "102",
      },
      Object {
        "label": "Road Restraint",
        "value": "103",
      },
      Object {
        "label": "Node",
        "value": "104",
      },
      Object {
        "label": "Audit",
        "value": "105",
      },
      Object {
        "label": "Polygon",
        "value": "106",
      },
      Object {
        "label": "Customer",
        "value": "107",
      },
      Object {
        "label": "Environmental",
        "value": "108",
      },
      Object {
        "label": "Condition",
        "value": "109",
      },
      Object {
        "label": "Funding Channel",
        "value": "110",
      },
      Object {
        "label": "Schedule of Rates",
        "value": "111",
      },
      Object {
        "label": "Traffic Regulation Order",
        "value": "112",
      },
      Object {
        "label": "Land",
        "value": "113",
      },
      Object {
        "label": "Assumption",
        "value": "114",
      },
      Object {
        "label": "Progress",
        "value": "115",
      },
      Object {
        "label": "Blueprint",
        "value": "116",
      },
      Object {
        "label": "Survey",
        "value": "117",
      },
      Object {
        "label": "Asset",
        "value": "118",
      },
      Object {
        "label": "Measurement",
        "value": "119",
      },
      Object {
        "label": "Dispose",
        "value": "120",
      },
      Object {
        "label": "Office",
        "value": "121",
      },
      Object {
        "label": "Archive",
        "value": "122",
      },
      Object {
        "label": "Principle",
        "value": "123",
      },
      Object {
        "label": "Network",
        "value": "124",
      },
      Object {
        "label": "Organisational Values",
        "value": "125",
      },
      Object {
        "label": "IT Document",
        "value": "126",
      },
      Object {
        "label": "Spillage",
        "value": "127",
      },
      Object {
        "label": "Roadside Operational Technology",
        "value": "128",
      },
      Object {
        "label": "Weather",
        "value": "129",
      },
      Object {
        "label": "Strategy",
        "value": "130",
      },
      Object {
        "label": "Use",
        "value": "131",
      },
      Object {
        "label": "Business Case",
        "value": "132",
      },
      Object {
        "label": "Equipment",
        "value": "133",
      },
      Object {
        "label": "Supplier",
        "value": "134",
      },
      Object {
        "label": "Experience",
        "value": "135",
      },
      Object {
        "label": "Carriageway Control",
        "value": "136",
      },
      Object {
        "label": "Incident",
        "value": "137",
      },
      Object {
        "label": "Regulation",
        "value": "138",
      },
      Object {
        "label": "Material Continuant",
        "value": "139",
      },
      Object {
        "label": "Accident",
        "value": "140",
      },
      Object {
        "label": "Sustainability",
        "value": "141",
      },
      Object {
        "label": "Correspondence",
        "value": "142",
      },
      Object {
        "label": "Supply Chain",
        "value": "143",
      },
      Object {
        "label": "Speed",
        "value": "144",
      },
      Object {
        "label": "Journey",
        "value": "145",
      },
      Object {
        "label": "Inventory",
        "value": "146",
      },
      Object {
        "label": "Document",
        "value": "147",
      },
      Object {
        "label": "Policy",
        "value": "148",
      },
      Object {
        "label": "Imperative",
        "value": "149",
      },
      Object {
        "label": "Project Phase",
        "value": "150",
      },
      Object {
        "label": "Consultation",
        "value": "151",
      },
      Object {
        "label": "Person",
        "value": "152",
      },
      Object {
        "label": "Report",
        "value": "153",
      },
      Object {
        "label": "Digital Twin",
        "value": "154",
      },
      Object {
        "label": "Enquiry",
        "value": "155",
      },
      Object {
        "label": "Inspection",
        "value": "156",
      },
      Object {
        "label": "Purchase Order",
        "value": "157",
      },
      Object {
        "label": "Pollution",
        "value": "158",
      },
      Object {
        "label": "Requirement",
        "value": "159",
      },
      Object {
        "label": "File",
        "value": "160",
      },
      Object {
        "label": "Schedule",
        "value": "161",
      },
      Object {
        "label": "Design",
        "value": "162",
      },
      Object {
        "label": "Evaluate",
        "value": "163",
      },
      Object {
        "label": "Invoice",
        "value": "164",
      },
      Object {
        "label": "Speed Limit Variation",
        "value": "165",
      },
      Object {
        "label": "Noise Level",
        "value": "166",
      },
      Object {
        "label": "Analytical Model",
        "value": "167",
      },
      Object {
        "label": "Project",
        "value": "168",
      },
      Object {
        "label": "Network Incident",
        "value": "169",
      },
      Object {
        "label": "Immaterial Continuant",
        "value": "170",
      },
      Object {
        "label": "Work Site",
        "value": "171",
      },
      Object {
        "label": "Research",
        "value": "172",
      },
      Object {
        "label": "Ticket",
        "value": "173",
      },
      Object {
        "label": "Diversion",
        "value": "174",
      },
      Object {
        "label": "Database",
        "value": "175",
      },
      Object {
        "label": "Ancillary",
        "value": "176",
      },
      Object {
        "label": "Licence Holder",
        "value": "177",
      },
      Object {
        "label": "Social Media Post",
        "value": "178",
      },
      Object {
        "label": "Congestion",
        "value": "179",
      },
      Object {
        "label": "Manual",
        "value": "180",
      },
      Object {
        "label": "Development Consent Order (DCO)",
        "value": "181",
      },
      Object {
        "label": "Water Quality",
        "value": "182",
      },
      Object {
        "label": "Plan",
        "value": "183",
      },
      Object {
        "label": "Product",
        "value": "184",
      },
      Object {
        "label": "Engagement",
        "value": "185",
      },
      Object {
        "label": "Interface",
        "value": "186",
      },
      Object {
        "label": "Road Safety Measure",
        "value": "187",
      },
      Object {
        "label": "Location",
        "value": "188",
      },
      Object {
        "label": "Asset Condition",
        "value": "189",
      },
      Object {
        "label": "Stage Gate",
        "value": "190",
      },
      Object {
        "label": "Environmental Condition",
        "value": "191",
      },
      Object {
        "label": "Complaint",
        "value": "192",
      },
      Object {
        "label": "Control Centre",
        "value": "193",
      },
      Object {
        "label": "Analyse",
        "value": "194",
      },
      Object {
        "label": "Risk",
        "value": "195",
      },
      Object {
        "label": "Testing",
        "value": "196",
      },
      Object {
        "label": "Documentation",
        "value": "197",
      },
      Object {
        "label": "Performance",
        "value": "198",
      },
      Object {
        "label": "Software",
        "value": "199",
      },
      Object {
        "label": "Final Account",
        "value": "200",
      },
      Object {
        "label": "Defect",
        "value": "201",
      },
      Object {
        "label": "Option",
        "value": "202",
      },
      Object {
        "label": "203",
        "value": "203",
      },
      Object {
        "label": "1813",
        "value": "1813",
      },
      Object {
        "label": "1842",
        "value": "1842",
      },
      Object {
        "label": "1870",
        "value": "1870",
      },
      Object {
        "label": "1898",
        "value": "1898",
      },
      Object {
        "label": "1927",
        "value": "1927",
      },
      Object {
        "label": "1948",
        "value": "1948",
      },
      Object {
        "label": "1980",
        "value": "1980",
      },
      Object {
        "label": "2016",
        "value": "2016",
      },
      Object {
        "label": "2037",
        "value": "2037",
      },
      Object {
        "label": "2054",
        "value": "2054",
      },
      Object {
        "label": "2075",
        "value": "2075",
      },
      Object {
        "label": "2092",
        "value": "2092",
      },
      Object {
        "label": "2109",
        "value": "2109",
      },
      Object {
        "label": "2128",
        "value": "2128",
      },
      Object {
        "label": "2146",
        "value": "2146",
      },
      Object {
        "label": "2164",
        "value": "2164",
      },
      Object {
        "label": "2181",
        "value": "2181",
      },
      Object {
        "label": "2201",
        "value": "2201",
      },
      Object {
        "label": "2220",
        "value": "2220",
      },
      Object {
        "label": "2238",
        "value": "2238",
      },
      Object {
        "label": "2256",
        "value": "2256",
      },
      Object {
        "label": "2274",
        "value": "2274",
      },
      Object {
        "label": "2293",
        "value": "2293",
      },
      Object {
        "label": "2311",
        "value": "2311",
      },
      Object {
        "label": "2330",
        "value": "2330",
      },
      Object {
        "label": "2348",
        "value": "2348",
      },
      Object {
        "label": "2366",
        "value": "2366",
      },
      Object {
        "label": "2384",
        "value": "2384",
      },
      Object {
        "label": "2401",
        "value": "2401",
      },
      Object {
        "label": "2420",
        "value": "2420",
      },
      Object {
        "label": "2441",
        "value": "2441",
      },
      Object {
        "label": "2459",
        "value": "2459",
      },
      Object {
        "label": "2478",
        "value": "2478",
      },
      Object {
        "label": "2496",
        "value": "2496",
      },
      Object {
        "label": "2517",
        "value": "2517",
      },
      Object {
        "label": "2538",
        "value": "2538",
      },
      Object {
        "label": "2556",
        "value": "2556",
      },
      Object {
        "label": "2573",
        "value": "2573",
      },
      Object {
        "label": "2590",
        "value": "2590",
      },
      Object {
        "label": "2609",
        "value": "2609",
      },
      Object {
        "label": "2628",
        "value": "2628",
      },
      Object {
        "label": "2645",
        "value": "2645",
      },
      Object {
        "label": "2662",
        "value": "2662",
      },
      Object {
        "label": "2680",
        "value": "2680",
      },
      Object {
        "label": "2700",
        "value": "2700",
      },
      Object {
        "label": "2719",
        "value": "2719",
      },
      Object {
        "label": "2737",
        "value": "2737",
      },
      Object {
        "label": "2754",
        "value": "2754",
      },
      Object {
        "label": "2772",
        "value": "2772",
      },
      Object {
        "label": "2793",
        "value": "2793",
      },
      Object {
        "label": "2811",
        "value": "2811",
      },
      Object {
        "label": "2829",
        "value": "2829",
      },
      Object {
        "label": "2849",
        "value": "2849",
      },
      Object {
        "label": "2874",
        "value": "2874",
      },
      Object {
        "label": "2892",
        "value": "2892",
      },
      Object {
        "label": "2910",
        "value": "2910",
      },
      Object {
        "label": "2928",
        "value": "2928",
      },
      Object {
        "label": "2946",
        "value": "2946",
      },
      Object {
        "label": "2964",
        "value": "2964",
      },
      Object {
        "label": "2981",
        "value": "2981",
      },
      Object {
        "label": "3000",
        "value": "3000",
      },
      Object {
        "label": "3022",
        "value": "3022",
      },
      Object {
        "label": "3044",
        "value": "3044",
      },
      Object {
        "label": "3066",
        "value": "3066",
      },
      Object {
        "label": "3088",
        "value": "3088",
      },
      Object {
        "label": "3106",
        "value": "3106",
      },
      Object {
        "label": "3124",
        "value": "3124",
      },
      Object {
        "label": "3142",
        "value": "3142",
      },
      Object {
        "label": "3160",
        "value": "3160",
      },
      Object {
        "label": "3178",
        "value": "3178",
      },
      Object {
        "label": "3203",
        "value": "3203",
      },
      Object {
        "label": "3222",
        "value": "3222",
      },
      Object {
        "label": "3241",
        "value": "3241",
      },
      Object {
        "label": "3261",
        "value": "3261",
      },
      Object {
        "label": "3279",
        "value": "3279",
      },
      Object {
        "label": "3297",
        "value": "3297",
      },
      Object {
        "label": "3314",
        "value": "3314",
      },
      Object {
        "label": "3332",
        "value": "3332",
      },
      Object {
        "label": "3352",
        "value": "3352",
      },
      Object {
        "label": "3371",
        "value": "3371",
      },
      Object {
        "label": "3389",
        "value": "3389",
      },
      Object {
        "label": "3407",
        "value": "3407",
      },
      Object {
        "label": "3425",
        "value": "3425",
      },
      Object {
        "label": "3444",
        "value": "3444",
      },
      Object {
        "label": "3462",
        "value": "3462",
      },
      Object {
        "label": "3480",
        "value": "3480",
      },
      Object {
        "label": "3501",
        "value": "3501",
      },
      Object {
        "label": "3519",
        "value": "3519",
      },
      Object {
        "label": "3537",
        "value": "3537",
      },
      Object {
        "label": "3555",
        "value": "3555",
      },
      Object {
        "label": "3573",
        "value": "3573",
      },
      Object {
        "label": "3592",
        "value": "3592",
      },
      Object {
        "label": "3611",
        "value": "3611",
      },
      Object {
        "label": "3631",
        "value": "3631",
      },
      Object {
        "label": "3651",
        "value": "3651",
      },
      Object {
        "label": "3670",
        "value": "3670",
      },
      Object {
        "label": "3689",
        "value": "3689",
      },
      Object {
        "label": "3707",
        "value": "3707",
      },
      Object {
        "label": "3725",
        "value": "3725",
      },
      Object {
        "label": "3743",
        "value": "3743",
      },
      Object {
        "label": "3760",
        "value": "3760",
      },
      Object {
        "label": "3778",
        "value": "3778",
      },
      Object {
        "label": "3796",
        "value": "3796",
      },
      Object {
        "label": "3814",
        "value": "3814",
      },
      Object {
        "label": "3832",
        "value": "3832",
      },
      Object {
        "label": "3850",
        "value": "3850",
      },
      Object {
        "label": "3868",
        "value": "3868",
      },
      Object {
        "label": "3886",
        "value": "3886",
      },
      Object {
        "label": "3908",
        "value": "3908",
      },
      Object {
        "label": "3926",
        "value": "3926",
      },
      Object {
        "label": "3943",
        "value": "3943",
      },
      Object {
        "label": "3961",
        "value": "3961",
      },
      Object {
        "label": "3979",
        "value": "3979",
      },
      Object {
        "label": "3996",
        "value": "3996",
      },
      Object {
        "label": "4000",
        "value": "4000",
      },
      Object {
        "label": "4004",
        "value": "4004",
      },
      Object {
        "label": "4008",
        "value": "4008",
      },
    ]
  }
  setStoreState={[MockFunction]}
  type="node"
>
  <Component />
</Connect>
`;
