// Jest Snapshot v1, https://goo.gl/fbAQLP

exports[`EditOntologyDeleteNode should match snapshot 1`] = `
<Connect
  actions={
    Object {
      "addNumber": [Function],
      "addSubValueToObject": [Function],
      "addToArray": [Function],
      "addToObject": [Function],
      "removeFromArray": [Function],
      "removeFromObject": [Function],
      "setStoreState": [Function],
    }
  }
  addNumber={[MockFunction]}
  mapToProps={[Function]}
  operation="add"
  optionNodes={
    Array [
      Object {
        "label": "Communication Document",
        "value": "1",
      },
      Object {
        "label": "Programme",
        "value": "2",
      },
      Object {
        "label": "Low Level Design",
        "value": "3",
      },
      Object {
        "label": "External Factor",
        "value": "4",
      },
      Object {
        "label": "Financial Object",
        "value": "5",
      },
      Object {
        "label": "Specify",
        "value": "6",
      },
      Object {
        "label": "Capacity",
        "value": "7",
      },
      Object {
        "label": "Expenditure",
        "value": "8",
      },
      Object {
        "label": "Acquisition",
        "value": "9",
      },
      Object {
        "label": "Accrual",
        "value": "10",
      },
      Object {
        "label": "Deed",
        "value": "11",
      },
      Object {
        "label": "Maintenance",
        "value": "12",
      },
      Object {
        "label": "Geotechnical",
        "value": "13",
      },
      Object {
        "label": "Handover",
        "value": "14",
      },
      Object {
        "label": "Connectivity",
        "value": "15",
      },
      Object {
        "label": "High Level Design",
        "value": "16",
      },
      Object {
        "label": "Model",
        "value": "17",
      },
      Object {
        "label": "MetaData",
        "value": "18",
      },
      Object {
        "label": "Emissions",
        "value": "19",
      },
      Object {
        "label": "Income",
        "value": "20",
      },
      Object {
        "label": "Training",
        "value": "21",
      },
      Object {
        "label": "Flood",
        "value": "22",
      },
      Object {
        "label": "Delay",
        "value": "23",
      },
      Object {
        "label": "Facility",
        "value": "24",
      },
      Object {
        "label": "Transaction",
        "value": "25",
      },
      Object {
        "label": "Collate",
        "value": "26",
      },
      Object {
        "label": "Certification",
        "value": "27",
      },
      Object {
        "label": "Drainage",
        "value": "28",
      },
      Object {
        "label": "Representation",
        "value": "29",
      },
      Object {
        "label": "Lighting",
        "value": "30",
      },
      Object {
        "label": "Financial Value",
        "value": "31",
      },
      Object {
        "label": "Route",
        "value": "32",
      },
      Object {
        "label": "Land Registration",
        "value": "33",
      },
      Object {
        "label": "Feedback",
        "value": "34",
      },
      Object {
        "label": "Skill",
        "value": "35",
      },
      Object {
        "label": "Safety Risk Assessment",
        "value": "36",
      },
      Object {
        "label": "Drawing",
        "value": "37",
      },
      Object {
        "label": "Qualification",
        "value": "38",
      },
      Object {
        "label": "Link",
        "value": "39",
      },
      Object {
        "label": "Depot",
        "value": "40",
      },
      Object {
        "label": "Voice Recording",
        "value": "41",
      },
      Object {
        "label": "Emergency Services",
        "value": "42",
      },
      Object {
        "label": "Budget",
        "value": "43",
      },
      Object {
        "label": "Spare Parts",
        "value": "44",
      },
      Object {
        "label": "Safety",
        "value": "45",
      },
      Object {
        "label": "Flow",
        "value": "46",
      },
      Object {
        "label": "Retire",
        "value": "47",
      },
      Object {
        "label": "Polyline",
        "value": "48",
      },
      Object {
        "label": "Customer Satisfaction",
        "value": "49",
      },
      Object {
        "label": "Network Model",
        "value": "50",
      },
      Object {
        "label": "Activity",
        "value": "51",
      },
      Object {
        "label": "Legal Document",
        "value": "52",
      },
      Object {
        "label": "Role",
        "value": "53",
      },
      Object {
        "label": "Data Lifecycle",
        "value": "54",
      },
      Object {
        "label": "Structures",
        "value": "55",
      },
      Object {
        "label": "Standards",
        "value": "56",
      },
      Object {
        "label": "Closure",
        "value": "57",
      },
      Object {
        "label": "Data Dictionary",
        "value": "58",
      },
      Object {
        "label": "Pavements",
        "value": "59",
      },
      Object {
        "label": "Monitoring",
        "value": "60",
      },
      Object {
        "label": "Hardware",
        "value": "61",
      },
      Object {
        "label": "Occurrent",
        "value": "62",
      },
      Object {
        "label": "KPI",
        "value": "63",
      },
      Object {
        "label": "Competence",
        "value": "64",
      },
      Object {
        "label": "Stakeholder",
        "value": "65",
      },
      Object {
        "label": "Failure Mode",
        "value": "66",
      },
      Object {
        "label": "System",
        "value": "67",
      },
      Object {
        "label": "Forecast",
        "value": "68",
      },
      Object {
        "label": "Data",
        "value": "69",
      },
      Object {
        "label": "Strategic Road Network Asset",
        "value": "70",
      },
      Object {
        "label": "Availability",
        "value": "71",
      },
      Object {
        "label": "Event",
        "value": "72",
      },
      Object {
        "label": "Dataset",
        "value": "73",
      },
      Object {
        "label": "Vision",
        "value": "74",
      },
      Object {
        "label": "FOI",
        "value": "75",
      },
      Object {
        "label": "Project Document",
        "value": "76",
      },
      Object {
        "label": "Hazard",
        "value": "77",
      },
      Object {
        "label": "Bulletin",
        "value": "78",
      },
      Object {
        "label": "Occupancy",
        "value": "79",
      },
      Object {
        "label": "External Document",
        "value": "80",
      },
      Object {
        "label": "Headway",
        "value": "81",
      },
      Object {
        "label": "Air Quality",
        "value": "82",
      },
      Object {
        "label": "Asset Performance",
        "value": "83",
      },
      Object {
        "label": "Vehicle",
        "value": "84",
      },
      Object {
        "label": "Financial Document",
        "value": "85",
      },
      Object {
        "label": "Lessons Learned",
        "value": "86",
      },
      Object {
        "label": "Instruction",
        "value": "87",
      },
      Object {
        "label": "Biodiversity",
        "value": "88",
      },
      Object {
        "label": "Ledger",
        "value": "89",
      },
      Object {
        "label": "IT",
        "value": "90",
      },
      Object {
        "label": "Environmental Incident",
        "value": "91",
      },
      Object {
        "label": "Patrol",
        "value": "92",
      },
      Object {
        "label": "Contract",
        "value": "93",
      },
      Object {
        "label": "Demolition",
        "value": "94",
      },
      Object {
        "label": "Collect",
        "value": "95",
      },
      Object {
        "label": "Geometric Component",
        "value": "96",
      },
      Object {
        "label": "Water Flow",
        "value": "97",
      },
      Object {
        "label": "Line",
        "value": "98",
      },
      Object {
        "label": "Road Restraint",
        "value": "99",
      },
      Object {
        "label": "Node",
        "value": "100",
      },
      Object {
        "label": "Audit",
        "value": "101",
      },
      Object {
        "label": "Polygon",
        "value": "102",
      },
      Object {
        "label": "Customer",
        "value": "103",
      },
      Object {
        "label": "Environmental",
        "value": "104",
      },
      Object {
        "label": "Condition",
        "value": "105",
      },
      Object {
        "label": "Funding Channel",
        "value": "106",
      },
      Object {
        "label": "Traffic Regulation Order",
        "value": "107",
      },
      Object {
        "label": "Land",
        "value": "108",
      },
      Object {
        "label": "Assumption",
        "value": "109",
      },
      Object {
        "label": "Progress",
        "value": "110",
      },
      Object {
        "label": "Blueprint",
        "value": "111",
      },
      Object {
        "label": "Survey",
        "value": "112",
      },
      Object {
        "label": "Asset",
        "value": "113",
      },
      Object {
        "label": "Measurement",
        "value": "114",
      },
      Object {
        "label": "Dispose",
        "value": "115",
      },
      Object {
        "label": "Office",
        "value": "116",
      },
      Object {
        "label": "Archive",
        "value": "117",
      },
      Object {
        "label": "Principle",
        "value": "118",
      },
      Object {
        "label": "Network",
        "value": "119",
      },
      Object {
        "label": "Organisational Values",
        "value": "120",
      },
      Object {
        "label": "IT Document",
        "value": "121",
      },
      Object {
        "label": "Roadside Operational Technology",
        "value": "122",
      },
      Object {
        "label": "Weather",
        "value": "123",
      },
      Object {
        "label": "Strategy",
        "value": "124",
      },
      Object {
        "label": "Use",
        "value": "125",
      },
      Object {
        "label": "Business Case",
        "value": "126",
      },
      Object {
        "label": "Equipment",
        "value": "127",
      },
      Object {
        "label": "Supplier",
        "value": "128",
      },
      Object {
        "label": "Experience",
        "value": "129",
      },
      Object {
        "label": "Carriageway Control",
        "value": "130",
      },
      Object {
        "label": "Incident",
        "value": "131",
      },
      Object {
        "label": "Regulation",
        "value": "132",
      },
      Object {
        "label": "Material Continuant",
        "value": "133",
      },
      Object {
        "label": "Accident",
        "value": "134",
      },
      Object {
        "label": "Sustainability",
        "value": "135",
      },
      Object {
        "label": "Correspondence",
        "value": "136",
      },
      Object {
        "label": "Supply Chain",
        "value": "137",
      },
      Object {
        "label": "Speed",
        "value": "138",
      },
      Object {
        "label": "Journey",
        "value": "139",
      },
      Object {
        "label": "Inventory",
        "value": "140",
      },
      Object {
        "label": "Document",
        "value": "141",
      },
      Object {
        "label": "Policy",
        "value": "142",
      },
      Object {
        "label": "Imperative",
        "value": "143",
      },
      Object {
        "label": "Project Phase",
        "value": "144",
      },
      Object {
        "label": "Consultation",
        "value": "145",
      },
      Object {
        "label": "Person",
        "value": "146",
      },
      Object {
        "label": "Report",
        "value": "147",
      },
      Object {
        "label": "Digital Twin",
        "value": "148",
      },
      Object {
        "label": "Inspection",
        "value": "149",
      },
      Object {
        "label": "Purchase Order",
        "value": "150",
      },
      Object {
        "label": "Pollution",
        "value": "151",
      },
      Object {
        "label": "Requirement",
        "value": "152",
      },
      Object {
        "label": "File",
        "value": "153",
      },
      Object {
        "label": "Schedule",
        "value": "154",
      },
      Object {
        "label": "Design",
        "value": "155",
      },
      Object {
        "label": "Evaluate",
        "value": "156",
      },
      Object {
        "label": "Invoice",
        "value": "157",
      },
      Object {
        "label": "Speed Limit Variation",
        "value": "158",
      },
      Object {
        "label": "Noise Level",
        "value": "159",
      },
      Object {
        "label": "Analytical Model",
        "value": "160",
      },
      Object {
        "label": "Project",
        "value": "161",
      },
      Object {
        "label": "Network Incident",
        "value": "162",
      },
      Object {
        "label": "Immaterial Continuant",
        "value": "163",
      },
      Object {
        "label": "Work Site",
        "value": "164",
      },
      Object {
        "label": "Research",
        "value": "165",
      },
      Object {
        "label": "Ticket",
        "value": "166",
      },
      Object {
        "label": "Diversion",
        "value": "167",
      },
      Object {
        "label": "Database",
        "value": "168",
      },
      Object {
        "label": "Ancillary",
        "value": "169",
      },
      Object {
        "label": "Licence Holder",
        "value": "170",
      },
      Object {
        "label": "Social Media Post",
        "value": "171",
      },
      Object {
        "label": "Congestion",
        "value": "172",
      },
      Object {
        "label": "Manual",
        "value": "173",
      },
      Object {
        "label": "Development Consent Order (DCO)",
        "value": "174",
      },
      Object {
        "label": "Water Quality",
        "value": "175",
      },
      Object {
        "label": "Plan",
        "value": "176",
      },
      Object {
        "label": "Product",
        "value": "177",
      },
      Object {
        "label": "Engagement",
        "value": "178",
      },
      Object {
        "label": "Interface",
        "value": "179",
      },
      Object {
        "label": "Road Safety Measure",
        "value": "180",
      },
      Object {
        "label": "Location",
        "value": "181",
      },
      Object {
        "label": "Asset Condition",
        "value": "182",
      },
      Object {
        "label": "Stage Gate",
        "value": "183",
      },
      Object {
        "label": "Environmental Condition",
        "value": "184",
      },
      Object {
        "label": "Complaint",
        "value": "185",
      },
      Object {
        "label": "Control Centre",
        "value": "186",
      },
      Object {
        "label": "Analyse",
        "value": "187",
      },
      Object {
        "label": "Risk",
        "value": "188",
      },
      Object {
        "label": "Testing",
        "value": "189",
      },
      Object {
        "label": "Documentation",
        "value": "190",
      },
      Object {
        "label": "Performance",
        "value": "191",
      },
      Object {
        "label": "Software",
        "value": "192",
      },
      Object {
        "label": "Final Account",
        "value": "193",
      },
      Object {
        "label": "Defect",
        "value": "194",
      },
      Object {
        "label": "Option",
        "value": "195",
      },
      Object {
        "label": "196",
        "value": "196",
      },
    ]
  }
  setStoreState={[MockFunction]}
  type="node"
>
  <Component />
</Connect>
`;
