// Jest Snapshot v1, https://goo.gl/fbAQLP

exports[`EditOntology should match snapshot  1`] = `
<Connect
  actions={
    Object {
      "addSubValueToObject": [Function],
      "addToArray": [Function],
      "addToObject": [Function],
      "removeFromArray": [Function],
      "removeFromObject": [Function],
      "setStoreState": [Function],
    }
  }
  classesFromApiBackup={Object {}}
  deletedEdges={Array []}
  deletedNodes={Array []}
  globalEdgeStyling={
    Object {
      "stylingNodeCaptionProperty": "rdfsLabel",
    }
  }
  globalNodeStyling={
    Object {
      "stylingNodeCaptionProperty": "rdfsLabel",
    }
  }
  mapToProps={[Function]}
  objectPropertiesFromApi={Object {}}
  objectPropertiesFromApiBackup={Object {}}
  userDefinedEdgeStyling={
    Object {
      "stylingNodeCaptionProperty": "rdfsLabel",
    }
  }
  userDefinedNodeStyling={
    Object {
      "stylingNodeCaptionProperty": "rdfsLabel",
    }
  }
>
  <Component />
</Connect>
`;
