// Jest Snapshot v1, https://goo.gl/fbAQLP

exports[`EditOntologyDeleteEdge should match snapshot 1`] = `
<Connect
  actions={
    Object {
      "updateStoreValue": [Function],
    }
  }
  mapToProps={[Function]}
  operation="delete"
  stylingNodeCaptionProperty="rfdsLabel"
  type="edge"
  updateStoreValue={[MockFunction]}
>
  <Component />
</Connect>
`;
