// Jest Snapshot v1, https://goo.gl/fbAQLP

exports[`EntrySearch should match snapshot 1`] = `
<Connect
  actions={
    Object {
      "updateStoreValue": [Function],
    }
  }
  advancedSearchFilters={
    Array [
      Object {
        "label": "road",
        "value": "name",
      },
    ]
  }
  annotationProperties={
    Array [
      Object {
        "label": "rdfAbout",
        "value": "rdfAbout",
      },
    ]
  }
  dataTypeSearch="any"
  mapToProps={[Function]}
  updateStoreValue={[MockFunction]}
  upperOntologySearch="any"
>
  <Component />
</Connect>
`;
