// Jest Snapshot v1, https://goo.gl/fbAQLP

exports[`ExportSettings should match snapshot  1`] = `
<Fragment>
  <h1
    className="sidebar-main-title"
  >
    export
  </h1>
  <div
    className="export-settings"
  >
    <div
      className="export-settings-input"
    >
      <label
        htmlFor="filename"
      >
        fileName
      </label>
      <div
        className="export-settings-item-input"
      >
        <ForwardRef
          id="filename"
          onChange={[Function]}
          placeholder="insertName"
          value="network-graph"
        />
      </div>
    </div>
    <div
      className="export-settings-input"
    >
      <div
        className="label"
      >
        exportGraphAs
      </div>
      <div
        className="export-settings-buttons"
      >
        <ForwardRef
          aria-label="jpeg"
          key="export-btn-jpeg"
          label="jpeg"
          onClick={[Function]}
          tooltip="jpeg"
          tooltipOptions={
            Object {
              "position": "top",
            }
          }
        />
        <ForwardRef
          aria-label="png"
          key="export-btn-png"
          label="png"
          onClick={[Function]}
          tooltip="png"
          tooltipOptions={
            Object {
              "position": "top",
            }
          }
        />
        <ForwardRef
          aria-label="pdf"
          key="export-btn-pdf"
          label="pdf"
          onClick={[Function]}
          tooltip="pdf"
          tooltipOptions={
            Object {
              "position": "top",
            }
          }
        />
      </div>
    </div>
    <div
      className="export-settings-input"
    >
      <div
        className="label"
      >
        exportDataAs
      </div>
      <div
        className="export-settings-buttons"
      >
        <ForwardRef
          aria-label="csv"
          key="export-btn-csv"
          label="csv"
          onClick={[Function]}
          tooltip="csv"
          tooltipOptions={
            Object {
              "position": "top",
            }
          }
        />
        <ForwardRef
          aria-label="owl"
          key="export-btn-owl"
          label="owl"
          onClick={[Function]}
          tooltip="owl"
          tooltipOptions={
            Object {
              "position": "top",
            }
          }
        />
      </div>
    </div>
    <div
      className="export-settings-input"
    >
      <div
        className="label"
      >
        PrintGraph
      </div>
      <div
        className="export-settings-buttons"
      >
        <ForwardRef
          aria-label="print"
          key="export-btn-print"
          label="print"
          onClick={[Function]}
          tooltip="print"
          tooltipOptions={
            Object {
              "position": "top",
            }
          }
        />
      </div>
    </div>
  </div>
</Fragment>
`;
