// Jest Snapshot v1, https://goo.gl/fbAQLP

exports[`ExportSettings should match snapshot  1`] = `
<Connect
  actions={
    Object {
      "addToArray": [Function],
      "addToObject": [Function],
      "removeFromArray": [Function],
      "removeFromObject": [Function],
      "resetSelectedEdges": [Function],
      "resetSelectedNodes": [Function],
      "setStoreState": [Function],
    }
  }
  availableEdgesNormalised={
    Object {
      "http://webprotege.stanford.edu/RqeoNxhIUKNWDOrBxWFusJ___http…Ufp___http://webprotege.stanford.edu/R8N1a0K78gZZbVLw2P1NkTX": Object {
        "edgeId": "http://webprotege.stanford.edu/RqeoNxhIUKNWDOrBxWFusJ",
        "from": "http://webprotege.stanford.edu/Ree4nJbmBksWE1ufpmuUfp",
        "fromLabel": "Plan",
        "id": "http://webprotege.stanford.edu/RqeoNxhIUKNWDOrBxWFusJ___http…Ufp___http://webprotege.stanford.edu/R8N1a0K78gZZbVLw2P1NkTX",
        "label": "Composed of",
        "to": "http://webprotege.stanford.edu/R8N1a0K78gZZbVLw2P1NkTX",
        "toLabel": "Activity",
      },
    }
  }
  availableNodesNormalised={
    Object {
      "http://webprotege.stanford.edu/R0jI731hv09ZcJeji1fbtY": Object {
        "id": "http://webprotege.stanford.edu/R0jI731hv09ZcJeji1fbtY",
        "label": "Communication Document",
        "owlAnnotationProperties": Object {
          "http://webprotege.stanford.edu/RkKVruwOD8lCCdsbyX0lwY": "Communications",
          "http://www.w3.org/2004/02/skos/core#comment": "A communication will typically have the Licence Holder (Highways England) as one of the parties.",
          "http://www.w3.org/2004/02/skos/core#definition": "Document storing the information conveyed between two or more parties.",
        },
        "rdfAbout": "http://webprotege.stanford.edu/R0jI731hv09ZcJeji1fbtY",
        "rdfsLabel": "Communication Document",
        "rdfsSubClassOf": Array [
          Object {
            "classRdfAbout": "http://webprotege.stanford.edu/RDLUE0UQz6th3NduA1L3n3u",
            "owlRestriction": null,
          },
          Object {
            "classRdfAbout": "http://webprotege.stanford.edu/R0qk59fxFmgNbyUncZoU8M",
            "owlRestriction": Object {
              "classRdfAbout": "http://webprotege.stanford.edu/R0qk59fxFmgNbyUncZoU8M",
              "objectPropertyRdfAbout": "http://webprotege.stanford.edu/R15RMwxh0pmeZADFPUrcpM",
            },
          },
        ],
        "skosComment": "A communication will typically have the Licence Holder (Highways England) as one of the parties.",
        "skosDefinition": "Document storing the information conveyed between two or more parties.",
        "skosExample": null,
      },
      "http://webprotege.stanford.edu/R0qk59fxFmgNbyUncZoU8M": Object {
        "id": "http://webprotege.stanford.edu/R0qk59fxFmgNbyUncZoU8M",
        "label": "Programme",
        "owlAnnotationProperties": Object {
          "http://webprotege.stanford.edu/RkKVruwOD8lCCdsbyX0lwY": "Maintain Plan",
          "http://www.w3.org/2004/02/skos/core#comment": "A strategic goal that is achieved through a number of projects.",
          "http://www.w3.org/2004/02/skos/core#definition": "A collection of projects or tasks undertaken to realise a strategic goal.",
          "http://www.w3.org/2004/02/skos/core#example": "Develop connectivity between London and Inverness.",
        },
        "rdfAbout": "http://webprotege.stanford.edu/R0qk59fxFmgNbyUncZoU8M",
        "rdfsLabel": "Programme",
        "rdfsSubClassOf": Array [
          Object {
            "classRdfAbout": "http://webprotege.stanford.edu/R1AD8Bb0IbQzZYE0Ee9Qa8",
            "owlRestriction": Object {
              "classRdfAbout": "http://webprotege.stanford.edu/R1AD8Bb0IbQzZYE0Ee9Qa8",
              "objectPropertyRdfAbout": "http://webprotege.stanford.edu/R4I2v4Y7su3Adf0Vcj6TWd",
            },
          },
        ],
        "skosComment": "A strategic goal that is achieved through a number of projects.",
        "skosDefinition": "A collection of projects or tasks undertaken to realise a strategic goal.",
        "skosExample": "Develop connectivity between London and Inverness.",
      },
      "http://webprotege.stanford.edu/R1AD8Bb0IbQzZYE0Ee9Qa8": Object {
        "id": "http://webprotege.stanford.edu/R1AD8Bb0IbQzZYE0Ee9Qa8",
        "label": "Low Level Design",
        "owlAnnotationProperties": Object {
          "http://www.w3.org/2004/02/skos/core#definition": "Design (for programmers) that further exposes logical detailed Design of each of the elements present in the High Level Design.",
        },
        "rdfAbout": "http://webprotege.stanford.edu/R1AD8Bb0IbQzZYE0Ee9Qa8",
        "rdfsLabel": "Low Level Design",
        "rdfsSubClassOf": Array [
          Object {
            "classRdfAbout": "http://webprotege.stanford.edu/R0jI731hv09ZcJeji1fbtY",
            "owlRestriction": Object {
              "classRdfAbout": "http://webprotege.stanford.edu/R0jI731hv09ZcJeji1fbtY",
              "objectPropertyRdfAbout": "http://webprotege.stanford.edu/R15RMwxh0pmeZADFPUrcpM",
            },
          },
        ],
        "skosComment": null,
        "skosDefinition": "Design (for programmers) that further exposes logical detailed Design of each of the elements present in the High Level Design.",
        "skosExample": null,
      },
    }
  }
  exportFileName="test"
  mapToProps={[Function]}
  setStoreState={[MockFunction]}
>
  <Component />
</Connect>
`;
