// Jest Snapshot v1, https://goo.gl/fbAQLP

exports[`FooterComponent should match snapshot  1`] = `
<Connect
  actions={
    Object {
      "addToArray": [Function],
      "removeFromArray": [Function],
      "removeFromObject": [Function],
      "resetSelectedEdges": [Function],
      "resetSelectedNodes": [Function],
      "setStoreState": [Function],
      "updateGraphData": [Function],
    }
  }
  availableEdges={
    Array [
      Object {
        "id": "123",
      },
    ]
  }
  isSettingsOpen={true}
  mapToProps={[Function]}
  setStoreState={[MockFunction]}
>
  <Component />
</Connect>
`;
