// Jest Snapshot v1, https://goo.gl/fbAQLP

exports[`GraphVisualisation should match snapshot  1`] = `
<Connect
  actions={
    Object {
      "addSubValueToObject": [Function],
      "addToArray": [Function],
      "addToObject": [Function],
      "removeFromArray": [Function],
      "removeFromObject": [Function],
      "resetSelectedEdges": [Function],
      "resetSelectedNodes": [Function],
      "setStoreState": [Function],
    }
  }
  addToArray={[MockFunction]}
  availableEdges={
    DataSet {
      "_data": Map {},
      "_idProp": "id",
      "_options": Object {},
      "_queue": null,
      "_subscribers": Object {
        "*": Array [],
        "add": Array [],
        "remove": Array [],
        "update": Array [],
      },
      "length": 0,
      "subscribe": [Function],
      "unsubscribe": [Function],
    }
  }
  availableNodes={
    DataSet {
      "_data": Map {},
      "_idProp": "id",
      "_options": Object {},
      "_queue": null,
      "_subscribers": Object {
        "*": Array [],
        "add": Array [],
        "remove": Array [],
        "update": Array [],
      },
      "length": 0,
      "subscribe": [Function],
      "unsubscribe": [Function],
    }
  }
  isPhysicsOn={true}
  mapToProps={[Function]}
  network={Object {}}
  nodesIdsToDisplay={Array []}
  physicsEdgeLength={true}
  physicsHierarchicalView={true}
  physicsRepulsion={true}
  setStoreState={[MockFunction]}
>
  <Component />
</Connect>
`;
