// Jest Snapshot v1, https://goo.gl/fbAQLP

exports[`GraphVisualisationWrapper should match snapshot  1`] = `
<Connect
  actions={
    Object {
      "addToArray": [Function],
      "removeFromArray": [Function],
      "removeFromObject": [Function],
      "setStoreState": [Function],
      "updateGraphData": [Function],
    }
  }
  currentGraph="graph-0"
  graphData={
    Object {
      "graph-0": Object {
        "label": "Main",
        "noDelete": true,
        "type": "full",
      },
    }
  }
  isEdgeSelectable={true}
  isNetworkLoading={true}
  isNodeSelectable={true}
  isSearchOpen={true}
  isSettingsOpen={true}
  mapToProps={[Function]}
  networkLoadingProgress={10}
  selectedEdges={
    Array [
      "123",
    ]
  }
  selectedNodes={
    Array [
      "abc",
    ]
  }
  setStoreState={[MockFunction]}
>
  <Component />
</Connect>
`;
