// Jest Snapshot v1, https://goo.gl/fbAQLP

exports[`GraphSearchCard should match snapshot 1`] = `
<Connect
  actions={
    Object {
      "updateStoreValue": [Function],
    }
  }
  mapToProps={[Function]}
  searchResult={
    Object {
      "id": "123",
      "rdfAbout": "http://test.test/test",
      "rdfsLabel": "test",
    }
  }
  stylingEdgeCaptionProperty="rdfsLabel"
  stylingNodeCaptionProperty="rdfsLabel"
  updateStoreValue={[MockFunction]}
>
  <Component />
</Connect>
`;
