// Jest Snapshot v1, https://goo.gl/fbAQLP

exports[`GraphVisualisation should match snapshot  1`] = `
<Connect
  actions={
    Object {
      "setStoreState": [Function],
    }
  }
  availableEdges={Array []}
  availableNodes={Array []}
  classesFromApi={
    Object {
      "OwlClasses": Object {
        "http://webprotege.stanford.edu/R0jI731hv09ZcJeji1fbtY": Object {
          "owlAnnotationProperties": Object {
            "http://webprotege.stanford.edu/RkKVruwOD8lCCdsbyX0lwY": "Communications",
            "http://www.w3.org/2004/02/skos/core#comment": "A communication will typically have the Licence Holder (Highways England) as one of the parties.",
            "http://www.w3.org/2004/02/skos/core#definition": "Document storing the information conveyed between two or more parties.",
          },
          "rdfAbout": "http://webprotege.stanford.edu/R0jI731hv09ZcJeji1fbtY",
          "rdfsLabel": "Communication Document",
          "rdfsSubClassOf": Array [
            Object {
              "classRdfAbout": "http://webprotege.stanford.edu/RY4x5rU5jNH9YIcM63gBgJ",
              "owlRestriction": Object {
                "classRdfAbout": "http://webprotege.stanford.edu/RY4x5rU5jNH9YIcM63gBgJ",
                "objectPropertyRdfAbout": "http://webprotege.stanford.edu/RXaMAxdkuV5CvgEpovEVvp",
              },
            },
          ],
          "skosComment": "A communication will typically have the Licence Holder (Highways England) as one of the parties.",
          "skosDefinition": "Document storing the information conveyed between two or more parties.",
          "skosExample": null,
        },
      },
    }
  }
  edgesToIgnore={Array []}
  fitNetwork={false}
  mapToProps={[Function]}
  nodesIdsToDisplay={Array []}
  objectPropertiesFromApi={
    Object {
      "OwlObjectProperties": Object {
        "http://webprotege.stanford.edu/R15RMwxh0pmeZADFPUrcpM": Object {
          "owlAnnotationProperties": Object {
            "http://webprotege.stanford.edu/RtMeQat8p1tL74b64dS2qs": "Record",
          },
          "rdfAbout": "http://webprotege.stanford.edu/R15RMwxh0pmeZADFPUrcpM",
          "rdfsLabel": "Instantiation of",
          "rdfsSubPropertyOf": Array [
            "http://webprotege.stanford.edu/R8zMIKp038MgC2umoxwzWBJ",
          ],
          "skosComment": null,
          "skosDefinition": null,
        },
      },
    }
  }
  physicsEdgeLength={true}
  physicsHierarchicalView={true}
  physicsRepulsion={true}
  searchFilter=""
  selectedNode={Object {}}
  setStoreState={[MockFunction]}
>
  <Component />
</Connect>
`;
