// Jest Snapshot v1, https://goo.gl/fbAQLP

exports[`GraphVisualisation should match snapshot  1`] = `
<Connect
  actions={
    Object {
      "addSubValueToObject": [Function],
      "addToArray": [Function],
      "addToObject": [Function],
      "removeFromArray": [Function],
      "removeFromObject": [Function],
      "resetSelectedEdges": [Function],
      "resetSelectedNodes": [Function],
      "setStoreState": [Function],
    }
  }
  addToArray={[MockFunction]}
  addToObject={[MockFunction]}
  availableEdges={
    DataSet {
      "_data": Map {},
      "_idProp": "id",
      "_options": Object {},
      "_queue": null,
      "_subscribers": Object {
        "*": Array [],
        "add": Array [],
        "remove": Array [],
        "update": Array [],
      },
      "length": 0,
      "subscribe": [Function],
      "unsubscribe": [Function],
    }
  }
  availableNodes={
    DataSet {
      "_data": Map {},
      "_idProp": "id",
      "_options": Object {},
      "_queue": null,
      "_subscribers": Object {
        "*": Array [],
        "add": Array [],
        "remove": Array [],
        "update": Array [],
      },
      "length": 0,
      "subscribe": [Function],
      "unsubscribe": [Function],
    }
  }
  boundingBoxGeometry={
    Object {
      "boundingBoxHeight": 200,
      "boundingBoxPosX": 100,
      "boundingBoxPosY": 100,
      "boundingBoxWidth": 200,
      "fixedPointX": 100,
      "fixedPointY": 100,
    }
  }
  currentGraph="graph-0"
  graphData={
    Object {
      "graph-0": Object {
        "label": "Main",
        "noDelete": true,
        "type": "full",
      },
    }
  }
  isBoundingBoxSelectable={true}
  isPhysicsOn={true}
  mapToProps={[Function]}
  network={Object {}}
  nodesIdsToDisplay={Array []}
  physicsHierarchicalView={true}
  physicsRepulsion={true}
  selectedGraphVersion="original"
  setStoreState={[MockFunction]}
  showContextMenu={true}
  stylingEdgeLength={250}
  stylingEdgeLineColor="#070b11"
  stylingEdgeLineColorHighlight="#9c27b0"
  stylingEdgeLineColorHover="#070b11"
  stylingEdgeLineStyle={false}
  stylingEdgeTextAlign="horizontal"
  stylingEdgeTextColor="#070b11"
  stylingEdgeTextSize={12}
  stylingEdgeWidth={1}
  stylingNodeBackgroundColor="#adefd1"
  stylingNodeBorder={1}
  stylingNodeBorderColor="#011e41"
  stylingNodeBorderSelected={2}
  stylingNodeHighlightBackgroundColor="#ffed00"
  stylingNodeHighlightBorderColor="#009688"
  stylingNodeHoverBackgroundColor="#f2f2f2"
  stylingNodeHoverBorderColor="#607d8b"
  stylingNodeShape="circle"
  stylingNodeSize={25}
  stylingNodeTextColor="#000000"
  stylingNodeTextFontAlign="center"
  stylingNodeTextFontSize={12}
>
  <Component />
</Connect>
`;
