// Jest Snapshot v1, https://goo.gl/fbAQLP

exports[`MainView should match snapshot  1`] = `
<Connect
  actions={Object {}}
  isEdgeFilterOpen={true}
  isInfoOpen={true}
  isNetworkLoading={true}
  isSearchOpen={true}
  isSettingsOpen={true}
  isSidebarOpen={true}
  mapToProps={[Function]}
  networkLoadingProgress={10}
  selectedNodes={
    Array [
      "abc",
    ]
  }
>
  <Component />
</Connect>
`;
