// Jest Snapshot v1, https://goo.gl/fbAQLP

exports[`Navbar should match snapshot  1`] = `
<Connect
  actions={
    Object {
      "setStoreState": [Function],
    }
  }
  availableNodes={
    Array [
      Object {
        "id": "123",
      },
    ]
  }
  isSidebarOpen={true}
  mainView="networkGraphView"
  mapToProps={[Function]}
  setStoreState={[MockFunction]}
>
  <Component />
</Connect>
`;
