// Jest Snapshot v1, https://goo.gl/fbAQLP

exports[`NetworkStylingNode should match snapshot  1`] = `
<Connect
  actions={
    Object {
      "addNumber": [Function],
      "addOrAppendToObject": [Function],
      "addSubValueToObject": [Function],
      "addToArray": [Function],
      "addToObject": [Function],
      "addValueToSubkeyObject": [Function],
      "removeFromArray": [Function],
      "removeFromObject": [Function],
      "setStoreState": [Function],
      "toggleFromArrayInKey": [Function],
      "toggleFromSubArray": [Function],
    }
  }
  addToObject={[MockFunction]}
  annotationProperties={
    Array [
      Object {
        "property": "rdfsLabel",
        "value": "rdfsLabel",
      },
    ]
  }
  globalNodeStyling={
    Object {
      "stylingNodeBackgroundColor": "#adefd1",
      "stylingNodeBorder": 1,
      "stylingNodeBorderColor": "#011e41",
      "stylingNodeBorderSelected": 2,
      "stylingNodeCaptionProperty": "rdfsLabel",
      "stylingNodeHighlightBackgroundColor": "#ffed00",
      "stylingNodeHighlightBorderColor": "#009688",
      "stylingNodeHoverBackgroundColor": "#f2f2f2",
      "stylingNodeHoverBorderColor": "#607d8b",
      "stylingNodeShape": "circle",
      "stylingNodeSize": 25,
      "stylingNodeTextColor": "#000000",
      "stylingNodeTextFontAlign": "center",
      "stylingNodeTextFontSize": 12,
    }
  }
  mapToProps={[Function]}
  stylingNodeByProperty={
    Array [
      Object {
        "filterType": "equal",
        "filterValue": "",
        "styleType": "",
        "styleValue": "",
      },
    ]
  }
  userDefinedNodeStyling={
    Object {
      "stylingNodeBackgroundColor": "#adefd1",
      "stylingNodeBorder": 1,
      "stylingNodeBorderColor": "#011e41",
      "stylingNodeBorderSelected": 2,
      "stylingNodeCaptionProperty": "rdfsLabel",
      "stylingNodeHighlightBackgroundColor": "#ffed00",
      "stylingNodeHighlightBorderColor": "#009688",
      "stylingNodeHoverBackgroundColor": "#f2f2f2",
      "stylingNodeHoverBorderColor": "#607d8b",
      "stylingNodeShape": "circle",
      "stylingNodeSize": 25,
      "stylingNodeTextColor": "#000000",
      "stylingNodeTextFontAlign": "center",
      "stylingNodeTextFontSize": 12,
    }
  }
>
  <Component />
</Connect>
`;
