// Jest Snapshot v1, https://goo.gl/fbAQLP

exports[`NetworkStylingEdgeByPropertyForm should match snapshot  1`] = `
<Connect
  actions={
    Object {
      "updateStoreValue": [Function],
    }
  }
  index={0}
  isDeleteAvailable={true}
  mapToProps={null}
  stylingProperty={
    Object {
      "filterType": "equal",
      "filterValue": "Subclass of",
      "property": "rdfsLabel",
      "styleType": "stylingEdgeLineStyle",
      "styleValue": true,
    }
  }
  updateStoreValue={[MockFunction]}
>
  <Component />
</Connect>
`;
