// Jest Snapshot v1, https://goo.gl/fbAQLP

exports[`NetworkStylingNodeByPropertyForm should match snapshot  1`] = `
<Connect
  actions={
    Object {
      "updateStoreValue": [Function],
    }
  }
  annotationProperties={
    Array [
      Object {
        "property": "rdfsLabel",
        "value": "rdfsLabel",
      },
    ]
  }
  index={0}
  isDeleteAvailable={true}
  mapToProps={[Function]}
  stylingProperty={
    Object {
      "filterType": "equal",
      "filterValue": "",
      "styleType": "",
      "styleValue": "",
    }
  }
  updateStoreValue={[MockFunction]}
>
  <Component />
</Connect>
`;
