// Jest Snapshot v1, https://goo.gl/fbAQLP

exports[`NetworkSettings should match snapshot  1`] = `
<Connect
  actions={
    Object {
      "addToArray": [Function],
      "addToObject": [Function],
      "removeFromArray": [Function],
      "removeFromObject": [Function],
      "resetSelectedEdges": [Function],
      "resetSelectedNodes": [Function],
      "setStoreState": [Function],
    }
  }
  isPhysicsOn={true}
  mapToProps={[Function]}
  physicsEdgeLength={100}
  physicsHierarchicalView={true}
  physicsRepulsion={true}
  setStoreState={[MockFunction]}
>
  <Component />
</Connect>
`;
