// Jest Snapshot v1, https://goo.gl/fbAQLP

exports[`NetworkStyling should match snapshot  1`] = `
<Fragment>
  <div
    className="sidebar-main-title"
  >
    styling
  </div>
  <div
    className="network-styling"
  >
    <div
      className="card"
    >
      <ConnectWrapper />
      <ConnectWrapper />
    </div>
    <div
      className="network-styling-button m-t-20 m-b-20"
    >
      <Button
        badge={null}
        badgeClassName={null}
        disabled={false}
        icon="pi pi-save"
        iconPos="left"
        id="save-styling-button"
        label="save"
        onClick={[Function]}
        tooltip={null}
        tooltipOptions={null}
      />
    </div>
  </div>
</Fragment>
`;
