// Jest Snapshot v1, https://goo.gl/fbAQLP

exports[`NetworkStylingEdge should match snapshot  1`] = `
<Connect
  actions={
    Object {
      "addNumber": [Function],
      "addSubValueToObject": [Function],
      "addToArray": [Function],
      "addToObject": [Function],
      "removeFromArray": [Function],
      "removeFromObject": [Function],
      "setStoreState": [Function],
      "toggleFromArrayInKey": [Function],
      "toggleFromSubArray": [Function],
    }
  }
  addToObject={[MockFunction]}
  globalEdgeStyling={
    Object {
      "stylingEdgeCaptionProperty": "rdfsLabel",
      "stylingEdgeLength": 250,
      "stylingEdgeLineColor": "#070b11",
      "stylingEdgeLineColorHighlight": "#9c27b0",
      "stylingEdgeLineColorHover": "#070b11",
      "stylingEdgeLineStyle": false,
      "stylingEdgeTextAlign": "horizontal",
      "stylingEdgeTextColor": "#070b11",
      "stylingEdgeTextSize": 12,
      "stylingEdgeWidth": 2,
    }
  }
  mapToProps={[Function]}
  stylingEdgeByProperty={Array []}
  userDefinedEdgeStyling={
    Object {
      "stylingEdgeCaptionProperty": "rdfsLabel",
      "stylingEdgeLength": 250,
      "stylingEdgeLineColor": "#070b11",
      "stylingEdgeLineColorHighlight": "#9c27b0",
      "stylingEdgeLineColorHover": "#070b11",
      "stylingEdgeLineStyle": false,
      "stylingEdgeTextAlign": "horizontal",
      "stylingEdgeTextColor": "#070b11",
      "stylingEdgeTextSize": 12,
      "stylingEdgeWidth": 2,
    }
  }
>
  <Component />
</Connect>
`;
