// Jest Snapshot v1, https://goo.gl/fbAQLP

exports[`NetworkSettings should match snapshot  1`] = `
<Connect
  actions={
    Object {
      "updateStoreValue": [Function],
    }
  }
  isPhysicsOn={true}
  mapToProps={[Function]}
  physicsHierarchicalView={true}
  physicsRepulsion={true}
  updateStoreValue={[MockFunction]}
>
  <Component />
</Connect>
`;
