// Jest Snapshot v1, https://goo.gl/fbAQLP

exports[`NodesSelection should match snapshot  1`] = `
<Connect
  actions={
    Object {
      "addSubValueToObject": [Function],
      "addToArray": [Function],
      "addToObject": [Function],
      "removeFromArray": [Function],
      "removeFromObject": [Function],
      "resetSelectedEdges": [Function],
      "resetSelectedNodes": [Function],
      "setStoreState": [Function],
    }
  }
  availableNodes={
    DataSet {
      "_data": Map {
        "abc" => Object {
          "id": "abc",
          "label": "label",
          "rdfAbout": "rdfAbout",
          "skosComment": "skosComment",
          "skosDefinition": "skosDefinition",
          "skosExample": "skosExample",
        },
        "cde" => Object {
          "id": "cde",
          "label": "label2",
          "rdfAbout": "rdfAbout",
          "skosComment": "skosComment",
          "skosDefinition": "skosDefinition",
          "skosExample": "skosExample",
        },
      },
      "_idProp": "id",
      "_options": Object {},
      "_queue": null,
      "_subscribers": Object {
        "*": Array [],
        "add": Array [],
        "remove": Array [],
        "update": Array [],
      },
      "length": 2,
      "subscribe": [Function],
      "unsubscribe": [Function],
    }
  }
  mapToProps={[Function]}
  removeFromArray={[MockFunction]}
  resetSelectedNodes={[MockFunction]}
  selectedNodes={
    Array [
      "abc",
    ]
  }
>
  <Component />
</Connect>
`;
