// Jest Snapshot v1, https://goo.gl/fbAQLP

exports[`NodeNeighbourhood should match snapshot  1`] = `
<Connect
  actions={
    Object {
      "addNumber": [Function],
      "addSubValueToObject": [Function],
      "addToArray": [Function],
      "addToObject": [Function],
      "removeFromArray": [Function],
      "removeFromObject": [Function],
      "setStoreState": [Function],
      "toggleFromArrayInKey": [Function],
      "toggleFromSubArray": [Function],
    }
  }
  addToObject={[MockFunction]}
  mapToProps={[Function]}
  selectedNeighbourNode={
    Array [
      "http://webprotege.stanford.edu/R0jI731hv09ZcJeji1fbtY",
    ]
  }
  setStoreState={[MockFunction]}
>
  <Component />
</Connect>
`;
