// Jest Snapshot v1, https://goo.gl/fbAQLP

exports[`NodeInfoDetails should match snapshot  1`] = `
<Connect
  actions={
    Object {
      "addToArray": [Function],
      "removeFromArray": [Function],
      "removeFromObject": [Function],
      "setStoreState": [Function],
    }
  }
  availableNodesNormalised={
    Object {
      "abc": Object {
        "id": "abc",
        "label": "label",
        "rdfAbout": "rdfAbout",
        "skosComment": "skosComment",
        "skosDefinition": "skosDefinition",
        "skosExample": "skosExample",
      },
      "cde": Object {
        "id": "cde",
        "label": "label2",
        "rdfAbout": "rdfAbout",
        "skosComment": "skosComment",
        "skosDefinition": "skosDefinition",
        "skosExample": "skosExample",
      },
    }
  }
  mapToProps={[Function]}
  nodeId="abc"
  nodesConnections={
    Array [
      Object {
        "edgeId": "abc",
        "from": "abc",
        "fromLabel": "label",
        "label": "is child of",
        "to": "cde",
        "toLabel": "label2",
      },
    ]
  }
>
  <Component />
</Connect>
`;
