// Jest Snapshot v1, https://goo.gl/fbAQLP

exports[`ProgressBar should match snapshot  1`] = `
<div
  className="progress-bar"
>
  <div
    className="progress-bar-title"
  >
    loading
  </div>
  <div
    className="progress-bar-box"
  >
    <div
      className="progress-bar-box-filler"
      style={
        Object {
          "width": "20px",
        }
      }
    />
  </div>
</div>
`;
