// Jest Snapshot v1, https://goo.gl/fbAQLP

exports[`NodeInfo should match snapshot  1`] = `
<Connect
  actions={
    Object {
      "addToArray": [Function],
      "removeFromArray": [Function],
      "setStoreState": [Function],
    }
  }
  mapToProps={[Function]}
  searchFilter="abc"
  setStoreState={[MockFunction]}
>
  <Component />
</Connect>
`;
