// Jest Snapshot v1, https://goo.gl/fbAQLP

exports[`SettingsBox should match snapshot  1`] = `
<Connect
  actions={
    Object {
      "setStoreState": [Function],
    }
  }
  mapToProps={[Function]}
  physicsEdgeLength={10}
  physicsHierarchicalView={true}
  physicsRepulsion={true}
  setStoreState={[MockFunction]}
>
  <Component />
</Connect>
`;
