// Jest Snapshot v1, https://goo.gl/fbAQLP

exports[`ShortestPath should match snapshot  1`] = `
<Connect
  actions={
    Object {
      "addNumber": [Function],
      "addSubValueToObject": [Function],
      "addToArray": [Function],
      "addToObject": [Function],
      "removeFromArray": [Function],
      "removeFromObject": [Function],
      "setStoreState": [Function],
    }
  }
  addToObject={[MockFunction]}
  isShortestPathNode1Selectable={false}
  isShortestPathNode2Selectable={true}
  mapToProps={[Function]}
  setStoreState={[MockFunction]}
  shortestPathNode1="http://webprotege.stanford.edu/R7Ae7UPY2C3UrcNeeLv0gYV"
  shortestPathNode2="http://webprotege.stanford.edu/RJVpffoomVWohIDaJCykd9"
>
  <Component />
</Connect>
`;
