// Jest Snapshot v1, https://goo.gl/fbAQLP

exports[`Versioning should match snapshot  1`] = `
<Connect
  actions={
    Object {
      "addSubValueToObject": [Function],
      "addToArray": [Function],
      "addToObject": [Function],
      "removeFromArray": [Function],
      "removeFromObject": [Function],
      "resetSelectedEdges": [Function],
      "resetSelectedNodes": [Function],
      "setStoreState": [Function],
    }
  }
  graphVersions={
    Object {
      "original": Object {
        "addedNodes": Array [],
        "annotationProperties": Array [],
        "classesFromApi": Object {},
        "classesFromApiBackup": Object {},
        "deletedNodes": Array [],
        "edgesProperties": Array [],
        "objectPropertiesFromApi": Object {},
        "objectPropertiesFromApiBackup": Object {},
        "updatedNodes": Array [],
      },
    }
  }
  mapToProps={[Function]}
  selectedGraphVersion="original"
  setStoreState={[MockFunction]}
>
  <Component />
</Connect>
`;
